127.0.0.1 - - [22/Jun/2022:09:55:01 +0530] "GET / HTTP/1.1" 404 1074
0:0:0:0:0:0:0:1 - - [22/Jun/2022:09:55:01 +0530] "GET /DemoApp1/home HTTP/1.1" 200 12
0:0:0:0:0:0:0:1 - - [22/Jun/2022:09:55:01 +0530] "GET /favicon.ico HTTP/1.1" 404 1085
0:0:0:0:0:0:0:1 - - [22/Jun/2022:10:00:43 +0530] "GET /DemoApp1/home HTTP/1.1" 200 9
0:0:0:0:0:0:0:1 - - [22/Jun/2022:10:00:44 +0530] "GET /DemoApp1/home HTTP/1.1" 200 9
0:0:0:0:0:0:0:1 - - [22/Jun/2022:10:00:44 +0530] "GET /DemoApp1/home HTTP/1.1" 200 9
0:0:0:0:0:0:0:1 - - [22/Jun/2022:10:00:44 +0530] "GET /DemoApp1/home HTTP/1.1" 200 9
0:0:0:0:0:0:0:1 - - [22/Jun/2022:10:01:05 +0530] "GET /DemoApp1/home HTTP/1.1" 200 9
0:0:0:0:0:0:0:1 - - [22/Jun/2022:10:01:07 +0530] "GET /DemoApp1/home HTTP/1.1" 200 9
0:0:0:0:0:0:0:1 - - [22/Jun/2022:10:01:07 +0530] "GET /DemoApp1/home HTTP/1.1" 200 9
0:0:0:0:0:0:0:1 - - [22/Jun/2022:10:01:07 +0530] "GET /DemoApp1/home HTTP/1.1" 200 9
0:0:0:0:0:0:0:1 - - [22/Jun/2022:10:01:08 +0530] "GET /DemoApp1/home HTTP/1.1" 200 9
0:0:0:0:0:0:0:1 - - [22/Jun/2022:10:01:08 +0530] "GET /DemoApp1/home HTTP/1.1" 200 9
127.0.0.1 - - [22/Jun/2022:10:01:33 +0530] "GET / HTTP/1.1" 404 1074
0:0:0:0:0:0:0:1 - - [22/Jun/2022:10:01:34 +0530] "GET /DemoApp1/home HTTP/1.1" 200 9
127.0.0.1 - - [22/Jun/2022:10:11:10 +0530] "GET / HTTP/1.1" 404 1074
0:0:0:0:0:0:0:1 - - [22/Jun/2022:10:11:11 +0530] "GET /DemoApp/index.html HTTP/1.1" 304 -
0:0:0:0:0:0:0:1 - - [22/Jun/2022:10:11:22 +0530] "GET /DemoApp/add?num1=6&num2=6 HTTP/1.1" 302 -
0:0:0:0:0:0:0:1 - - [22/Jun/2022:10:11:22 +0530] "GET /DemoApp/sq?k=12 HTTP/1.1" 200 15
0:0:0:0:0:0:0:1 - - [22/Jun/2022:10:11:29 +0530] "GET /DemoApp/add?num1=1&num2=1 HTTP/1.1" 302 -
0:0:0:0:0:0:0:1 - - [22/Jun/2022:10:11:29 +0530] "GET /DemoApp/sq?k=2 HTTP/1.1" 200 13
127.0.0.1 - - [22/Jun/2022:10:16:47 +0530] "GET / HTTP/1.1" 404 1074
0:0:0:0:0:0:0:1 - - [22/Jun/2022:10:16:53 +0530] "GET /DemoApp/add?num1=6&num2=2 HTTP/1.1" 200 13
127.0.0.1 - - [22/Jun/2022:10:22:28 +0530] "GET / HTTP/1.1" 404 1074
0:0:0:0:0:0:0:1 - - [22/Jun/2022:10:22:35 +0530] "GET /DemoApp/add?num1=6&num2=6 HTTP/1.1" 200 57
0:0:0:0:0:0:0:1 - - [22/Jun/2022:10:30:02 +0530] "GET /DemoApp/add?num1=6&num2=2 HTTP/1.1" 200 56
0:0:0:0:0:0:0:1 - - [22/Jun/2022:10:36:54 +0530] "GET /favicon.ico HTTP/1.1" 404 1085
0:0:0:0:0:0:0:1 - - [22/Jun/2022:10:37:01 +0530] "GET /DemoApp/add?num1=1&num2=3 HTTP/1.1" 200 56
127.0.0.1 - - [22/Jun/2022:10:38:23 +0530] "GET / HTTP/1.1" 404 1074
0:0:0:0:0:0:0:1 - - [22/Jun/2022:10:38:30 +0530] "GET /DemoApp/add?num1=6&num2=3 HTTP/1.1" 200 56
127.0.0.1 - - [22/Jun/2022:10:39:23 +0530] "GET / HTTP/1.1" 404 1074
0:0:0:0:0:0:0:1 - - [22/Jun/2022:10:39:29 +0530] "GET /DemoApp/add?num1=6&num2=2 HTTP/1.1" 200 56
127.0.0.1 - - [22/Jun/2022:10:39:57 +0530] "GET / HTTP/1.1" 404 1074
0:0:0:0:0:0:0:1 - - [22/Jun/2022:10:40:03 +0530] "GET /DemoApp/add?num1=2&num2=2 HTTP/1.1" 404 1089
0:0:0:0:0:0:0:1 - - [22/Jun/2022:10:41:29 +0530] "GET /DemoApp/add?num1=1&num2=3 HTTP/1.1" 404 1089
0:0:0:0:0:0:0:1 - - [22/Jun/2022:10:42:08 +0530] "GET /DemoApp/add?num1=1&num2=3 HTTP/1.1" 404 1089
0:0:0:0:0:0:0:1 - - [22/Jun/2022:10:42:18 +0530] "GET /DemoApp/add1.jsp?num1=1&num2=3 HTTP/1.1" 200 163
127.0.0.1 - - [22/Jun/2022:11:22:54 +0530] "GET / HTTP/1.1" 404 1074
0:0:0:0:0:0:0:1 - - [22/Jun/2022:11:22:55 +0530] "GET /DemoApp2/home.jsp HTTP/1.1" 500 2682
0:0:0:0:0:0:0:1 - - [22/Jun/2022:11:26:17 +0530] "GET /DemoApp2/home.jsp HTTP/1.1" 200 308
127.0.0.1 - - [22/Jun/2022:11:32:22 +0530] "GET / HTTP/1.1" 404 1074
0:0:0:0:0:0:0:1 - - [22/Jun/2022:11:32:23 +0530] "GET /DemoApp2/home.jsp HTTP/1.1" 200 139
0:0:0:0:0:0:0:1 - - [22/Jun/2022:11:32:59 +0530] "GET /DemoApp2/home.jsp HTTP/1.1" 200 153
127.0.0.1 - - [22/Jun/2022:11:56:18 +0530] "GET / HTTP/1.1" 404 1074
0:0:0:0:0:0:0:1 - - [22/Jun/2022:11:56:20 +0530] "GET /DemoJSP/profile.jsp HTTP/1.1" 200 166
127.0.0.1 - - [22/Jun/2022:12:25:14 +0530] "GET / HTTP/1.1" 404 1074
0:0:0:0:0:0:0:1 - - [22/Jun/2022:12:25:17 +0530] "GET /DemoJSP/profile.jsp HTTP/1.1" 200 242
0:0:0:0:0:0:0:1 - - [22/Jun/2022:12:25:48 +0530] "GET /DemoJSP/profile.jsp HTTP/1.1" 200 246
127.0.0.1 - - [22/Jun/2022:12:48:32 +0530] "GET / HTTP/1.1" 404 1074
0:0:0:0:0:0:0:1 - - [22/Jun/2022:12:48:33 +0530] "GET /JSTLDemo/servlet/com.jstldemo.DemoServlet HTTP/1.1" 404 1123
0:0:0:0:0:0:0:1 - - [22/Jun/2022:12:49:07 +0530] "GET /JSTLDemo/DemoServlet HTTP/1.1" 404 1098
0:0:0:0:0:0:0:1 - - [22/Jun/2022:12:49:19 +0530] "GET /JSTLDemo/DemoServlet HTTP/1.1" 404 1098
127.0.0.1 - - [22/Jun/2022:12:54:38 +0530] "GET / HTTP/1.1" 404 1074
0:0:0:0:0:0:0:1 - - [22/Jun/2022:12:54:39 +0530] "GET /JSTLDemo/DemoServlet HTTP/1.1" 200 151
0:0:0:0:0:0:0:1 - - [22/Jun/2022:12:56:59 +0530] "GET /JSTLDemo/DemoServlet HTTP/1.1" 200 148
0:0:0:0:0:0:0:1 - - [22/Jun/2022:12:58:40 +0530] "GET /JSTLDemo/DemoServlet HTTP/1.1" 200 160
0:0:0:0:0:0:0:1 - - [22/Jun/2022:13:10:17 +0530] "GET /JSTLDemo/DemoServlet HTTP/1.1" 500 3367
0:0:0:0:0:0:0:1 - - [22/Jun/2022:13:10:27 +0530] "GET /JSTLDemo/DemoServlet HTTP/1.1" 500 3367
0:0:0:0:0:0:0:1 - - [22/Jun/2022:13:10:48 +0530] "GET /JSTLDemo/DemoServlet HTTP/1.1" 200 215
0:0:0:0:0:0:0:1 - - [22/Jun/2022:13:11:02 +0530] "GET /JSTLDemo/DemoServlet HTTP/1.1" 200 206
0:0:0:0:0:0:0:1 - - [22/Jun/2022:13:11:04 +0530] "GET /JSTLDemo/DemoServlet HTTP/1.1" 200 206
0:0:0:0:0:0:0:1 - - [22/Jun/2022:13:11:07 +0530] "GET /JSTLDemo/DemoServlet HTTP/1.1" 200 206
0:0:0:0:0:0:0:1 - - [22/Jun/2022:13:11:10 +0530] "GET /JSTLDemo/DemoServlet HTTP/1.1" 200 206
0:0:0:0:0:0:0:1 - - [22/Jun/2022:13:11:15 +0530] "GET /JSTLDemo/DemoServlet HTTP/1.1" 200 206
0:0:0:0:0:0:0:1 - - [22/Jun/2022:13:11:26 +0530] "GET /JSTLDemo/DemoServlet HTTP/1.1" 500 3367
0:0:0:0:0:0:0:1 - - [22/Jun/2022:14:26:36 +0530] "GET /JSTLDemo/DemoServlet HTTP/1.1" 500 3367
0:0:0:0:0:0:0:1 - - [22/Jun/2022:14:26:38 +0530] "GET /JSTLDemo/DemoServlet HTTP/1.1" 500 3222
0:0:0:0:0:0:0:1 - - [22/Jun/2022:14:26:39 +0530] "GET /JSTLDemo/DemoServlet HTTP/1.1" 500 3222
0:0:0:0:0:0:0:1 - - [22/Jun/2022:14:26:39 +0530] "GET /JSTLDemo/DemoServlet HTTP/1.1" 500 3222
0:0:0:0:0:0:0:1 - - [22/Jun/2022:14:26:40 +0530] "GET /JSTLDemo/DemoServlet HTTP/1.1" 500 3222
127.0.0.1 - - [22/Jun/2022:14:26:56 +0530] "GET / HTTP/1.1" 404 1074
0:0:0:0:0:0:0:1 - - [22/Jun/2022:14:26:56 +0530] "GET /JSTLDemo/display.jsp HTTP/1.1" 500 3114
127.0.0.1 - - [22/Jun/2022:14:27:24 +0530] "GET / HTTP/1.1" 404 1074
0:0:0:0:0:0:0:1 - - [22/Jun/2022:14:27:25 +0530] "GET /JSTLDemo/DemoServlet HTTP/1.1" 500 3367
127.0.0.1 - - [22/Jun/2022:14:27:57 +0530] "GET / HTTP/1.1" 404 1074
0:0:0:0:0:0:0:1 - - [22/Jun/2022:14:27:58 +0530] "GET /JSTLDemo/DemoServlet HTTP/1.1" 200 206
127.0.0.1 - - [22/Jun/2022:14:36:17 +0530] "GET / HTTP/1.1" 404 1074
0:0:0:0:0:0:0:1 - - [22/Jun/2022:14:36:18 +0530] "GET /JSTLDemo/DemoServlet HTTP/1.1" 200 200
0:0:0:0:0:0:0:1 - - [22/Jun/2022:14:40:56 +0530] "GET /JSTLDemo/DemoServlet HTTP/1.1" 200 204
0:0:0:0:0:0:0:1 - - [22/Jun/2022:14:45:48 +0530] "GET /JSTLDemo/DemoServlet HTTP/1.1" 200 273
